mode: set
github.com/raulsosa/sezzle-calculator/main.go:19.13,23.44 3 0
github.com/raulsosa/sezzle-calculator/main.go:23.44,25.48 2 0
github.com/raulsosa/sezzle-calculator/main.go:25.48,28.4 2 0
github.com/raulsosa/sezzle-calculator/main.go:31.3,34.17 3 0
github.com/raulsosa/sezzle-calculator/main.go:34.17,37.4 2 0
github.com/raulsosa/sezzle-calculator/main.go:38.3,38.46 1 0
github.com/raulsosa/sezzle-calculator/main.go:41.2,41.16 1 0
github.com/raulsosa/sezzle-calculator/main.go:44.42,48.2 3 1
github.com/raulsosa/sezzle-calculator/main.go:50.57,55.18 4 1
github.com/raulsosa/sezzle-calculator/main.go:55.18,58.43 2 1
github.com/raulsosa/sezzle-calculator/main.go:58.43,60.64 2 1
github.com/raulsosa/sezzle-calculator/main.go:60.64,62.5 1 1
github.com/raulsosa/sezzle-calculator/main.go:63.4,64.8 2 1
github.com/raulsosa/sezzle-calculator/main.go:65.9,65.25 1 1
github.com/raulsosa/sezzle-calculator/main.go:65.25,68.18 3 1
github.com/raulsosa/sezzle-calculator/main.go:68.18,70.5 1 0
github.com/raulsosa/sezzle-calculator/main.go:71.4,71.13 1 1
github.com/raulsosa/sezzle-calculator/main.go:72.9,72.36 1 1
github.com/raulsosa/sezzle-calculator/main.go:72.36,74.49 1 1
github.com/raulsosa/sezzle-calculator/main.go:74.49,76.36 2 1
github.com/raulsosa/sezzle-calculator/main.go:76.36,79.20 3 1
github.com/raulsosa/sezzle-calculator/main.go:79.20,81.7 1 0
github.com/raulsosa/sezzle-calculator/main.go:82.6,82.17 1 1
github.com/raulsosa/sezzle-calculator/main.go:82.17,84.7 1 1
github.com/raulsosa/sezzle-calculator/main.go:85.6,85.26 1 1
github.com/raulsosa/sezzle-calculator/main.go:91.3,92.29 2 1
github.com/raulsosa/sezzle-calculator/main.go:92.29,93.16 1 1
github.com/raulsosa/sezzle-calculator/main.go:94.13,95.31 1 1
github.com/raulsosa/sezzle-calculator/main.go:96.13,97.32 1 1
github.com/raulsosa/sezzle-calculator/main.go:98.13,99.31 1 1
github.com/raulsosa/sezzle-calculator/main.go:100.13,101.17 1 1
github.com/raulsosa/sezzle-calculator/main.go:101.17,103.6 1 1
github.com/raulsosa/sezzle-calculator/main.go:104.5,104.31 1 1
github.com/raulsosa/sezzle-calculator/main.go:105.13,106.61 1 1
github.com/raulsosa/sezzle-calculator/main.go:107.13,108.61 1 0
github.com/raulsosa/sezzle-calculator/main.go:110.4,110.19 1 1
github.com/raulsosa/sezzle-calculator/main.go:110.19,111.10 1 1
github.com/raulsosa/sezzle-calculator/main.go:113.4,114.11 2 1
github.com/raulsosa/sezzle-calculator/main.go:116.3,116.7 1 1
github.com/raulsosa/sezzle-calculator/main.go:119.2,120.26 2 1
github.com/raulsosa/sezzle-calculator/main.go:120.26,122.3 1 1
github.com/raulsosa/sezzle-calculator/main.go:123.2,123.17 1 1
